2025-08-08 08:54:12,352 - Knowledge - INFO - Redis support added with prefix knowledge:b72614r:
2025-08-08 08:54:12,627 - Knowledge - INFO - load persisted knowledge: begin
2025-08-08 08:54:12,711 - Knowledge - INFO - load persisted knowledge: end
2025-08-08 08:54:12,786 - Knowledge - INFO - load persisted docinfo: begin
2025-08-08 08:54:12,895 - Knowledge - INFO - load persisted docinfo: end
2025-08-08 08:54:13,005 - Knowledge - INFO - worker kw1 created with dedicated MongoDB connection (total: 1)
2025-08-08 08:54:13,091 - Knowledge - INFO - knowledge worker kw1 start
2025-08-08 08:54:13,169 - Knowledge - INFO - worker kw1 pull /app/data/b2c/151988/b72614r/react-note-app-151988/src/serviceWorker.ts from ingest queue
2025-08-08 08:54:13,093 - Knowledge - INFO - worker kw2 created with dedicated MongoDB connection (total: 2)
2025-08-08 08:54:13,305 - Knowledge - INFO - process ingested knowledge for /app/data/b2c/151988/b72614r/react-note-app-151988/src/serviceWorker.ts
2025-08-08 08:54:13,366 - Knowledge - INFO - knowledge worker kw2 start
2025-08-08 08:54:13,381 - Knowledge - INFO - worker kw3 created with dedicated MongoDB connection (total: 3)
2025-08-08 08:54:13,451 - Knowledge - INFO - Found code-base-name: https://github.com/kavia-common/react-note-app-151988.git:kavia-master
2025-08-08 08:54:13,750 - Knowledge - INFO - Found code_base: <app.utils.kg_build.knowledge.KnowledgeCodeBase object at 0x7ff500468990>
2025-08-08 08:54:13,660 - Knowledge - INFO - knowledge worker kw3 start
2025-08-08 08:54:13,662 - Knowledge - INFO - worker kw4 created with dedicated MongoDB connection (total: 4)
2025-08-08 08:54:13,573 - Knowledge - INFO - worker kw2 pull /app/data/b2c/151988/b72614r/react-note-app-151988/src/react-app-env.d.ts from ingest queue
2025-08-08 08:54:13,869 - Knowledge - INFO - persist ingested knowledge for /app/data/b2c/151988/b72614r/react-note-app-151988/src/serviceWorker.ts
2025-08-08 08:54:13,991 - Knowledge - INFO - worker kw3 pull /app/data/b2c/151988/b72614r/react-note-app-151988/src/components/About.tsx from ingest queue
2025-08-08 08:54:14,073 - Knowledge - INFO - knowledge worker kw4 start
2025-08-08 08:54:14,077 - Knowledge - INFO - worker kw5 created with dedicated MongoDB connection (total: 5)
2025-08-08 08:54:14,212 - Knowledge - INFO - process ingested knowledge for /app/data/b2c/151988/b72614r/react-note-app-151988/src/react-app-env.d.ts
2025-08-08 08:54:14,312 - Knowledge - INFO - adding /app/data/b2c/151988/b72614r/react-note-app-151988/src/serviceWorker.ts to ingest queue
2025-08-08 08:54:14,378 - Knowledge - INFO - process ingested knowledge for /app/data/b2c/151988/b72614r/react-note-app-151988/src/components/About.tsx
2025-08-08 08:54:14,553 - Knowledge - INFO - knowledge worker kw5 start
2025-08-08 08:54:14,554 - Knowledge - INFO - worker kw6 created with dedicated MongoDB connection (total: 6)
2025-08-08 08:54:14,743 - Knowledge - INFO - worker kw4 pull /app/data/b2c/151988/b72614r/react-note-app-151988/src/components/Auth/Login.tsx from ingest queue
2025-08-08 08:54:14,743 - Knowledge - INFO - Found code-base-name: https://github.com/kavia-common/react-note-app-151988.git:kavia-master
2025-08-08 08:54:14,743 - Knowledge - INFO - worker kw1 pull /app/data/b2c/151988/b72614r/react-note-app-151988/src/components/Home.tsx from ingest queue
2025-08-08 08:54:14,841 - Knowledge - INFO - Found code-base-name: https://github.com/kavia-common/react-note-app-151988.git:kavia-master
2025-08-08 08:54:14,913 - Knowledge - INFO - worker kw5 pull /app/data/b2c/151988/b72614r/react-note-app-151988/src/components/AppFooter.tsx from ingest queue
2025-08-08 08:54:15,022 - Knowledge - INFO - knowledge worker kw6 start
2025-08-08 08:54:15,023 - Knowledge - INFO - worker kw7 created with dedicated MongoDB connection (total: 7)
2025-08-08 08:54:15,129 - Knowledge - INFO - process ingested knowledge for /app/data/b2c/151988/b72614r/react-note-app-151988/src/components/Auth/Login.tsx
2025-08-08 08:54:15,183 - Knowledge - INFO - Found code_base: <app.utils.kg_build.knowledge.KnowledgeCodeBase object at 0x7ff500468990>
2025-08-08 08:54:15,336 - Knowledge - INFO - process ingested knowledge for /app/data/b2c/151988/b72614r/react-note-app-151988/src/components/Home.tsx
2025-08-08 08:54:15,377 - Knowledge - INFO - Found code_base: <app.utils.kg_build.knowledge.KnowledgeCodeBase object at 0x7ff500468990>
2025-08-08 08:54:15,487 - Knowledge - INFO - process ingested knowledge for /app/data/b2c/151988/b72614r/react-note-app-151988/src/components/AppFooter.tsx
2025-08-08 08:54:15,557 - Knowledge - INFO - worker kw6 pull /app/data/b2c/151988/b72614r/react-note-app-151988/src/components/AppHeader.tsx from ingest queue
2025-08-08 08:54:15,677 - Knowledge - INFO - knowledge worker kw7 start
2025-08-08 08:54:15,679 - Knowledge - INFO - worker kw8 created with dedicated MongoDB connection (total: 8)
2025-08-08 08:54:15,777 - Knowledge - INFO - Found code-base-name: https://github.com/kavia-common/react-note-app-151988.git:kavia-master
2025-08-08 08:54:15,905 - Knowledge - INFO - persist ingested knowledge for /app/data/b2c/151988/b72614r/react-note-app-151988/src/react-app-env.d.ts
2025-08-08 08:54:15,995 - Knowledge - INFO - Found code-base-name: https://github.com/kavia-common/react-note-app-151988.git:kavia-master
2025-08-08 08:54:16,086 - Knowledge - INFO - persist ingested knowledge for /app/data/b2c/151988/b72614r/react-note-app-151988/src/components/About.tsx
2025-08-08 08:54:16,173 - Knowledge - INFO - Found code-base-name: https://github.com/kavia-common/react-note-app-151988.git:kavia-master
2025-08-08 08:54:16,314 - Knowledge - INFO - process ingested knowledge for /app/data/b2c/151988/b72614r/react-note-app-151988/src/components/AppHeader.tsx
2025-08-08 08:54:16,362 - Knowledge - INFO - worker kw7 pull /app/data/b2c/151988/b72614r/react-note-app-151988/src/components/Routes.tsx from ingest queue
2025-08-08 08:54:16,487 - Knowledge - INFO - knowledge worker kw8 start
2025-08-08 08:54:16,489 - Knowledge - INFO - worker kw9 created with dedicated MongoDB connection (total: 9)
2025-08-08 08:54:16,603 - Knowledge - INFO - Found code_base: <app.utils.kg_build.knowledge.KnowledgeCodeBase object at 0x7ff500468990>
2025-08-08 08:54:17,451 - Knowledge - INFO - persist ingested knowledge for /app/data/b2c/151988/b72614r/react-note-app-151988/src/components/Auth/Login.tsx
2025-08-08 08:54:16,774 - Knowledge - INFO - Found code_base: <app.utils.kg_build.knowledge.KnowledgeCodeBase object at 0x7ff500468990>
2025-08-08 08:54:16,976 - Knowledge - INFO - Found code_base: <app.utils.kg_build.knowledge.KnowledgeCodeBase object at 0x7ff500468990>
2025-08-08 08:54:17,196 - Knowledge - INFO - process ingested knowledge for /app/data/b2c/151988/b72614r/react-note-app-151988/src/components/Routes.tsx
2025-08-08 08:54:17,367 - Knowledge - INFO - knowledge worker kw9 start
2025-08-08 08:54:17,372 - Knowledge - INFO - worker kw10 created with dedicated MongoDB connection (total: 10)
2025-08-08 08:54:16,748 - Knowledge - INFO - adding /app/data/b2c/151988/b72614r/react-note-app-151988/src/react-app-env.d.ts to ingest queue
2025-08-08 08:54:17,630 - Knowledge - INFO - persist ingested knowledge for /app/data/b2c/151988/b72614r/react-note-app-151988/src/components/Home.tsx
2025-08-08 08:54:17,713 - Knowledge - INFO - persist ingested knowledge for /app/data/b2c/151988/b72614r/react-note-app-151988/src/components/AppFooter.tsx
2025-08-08 08:54:18,059 - Knowledge - INFO - knowledge worker kw10 start
2025-08-08 08:54:18,060 - Knowledge - INFO - worker kw11 created with dedicated MongoDB connection (total: 11)
2025-08-08 08:54:18,225 - Knowledge - INFO - adding /app/data/b2c/151988/b72614r/react-note-app-151988/src/components/About.tsx to ingest queue
2025-08-08 08:54:18,505 - Knowledge - INFO - knowledge worker kw11 start
2025-08-08 08:54:18,507 - Knowledge - INFO - worker kw12 created with dedicated MongoDB connection (total: 12)
2025-08-08 08:54:18,579 - Knowledge - INFO - worker kw8 pull /app/data/b2c/151988/b72614r/react-note-app-151988/src/App.tsx from ingest queue
2025-08-08 08:54:18,635 - Knowledge - INFO - Found code-base-name: https://github.com/kavia-common/react-note-app-151988.git:kavia-master
2025-08-08 08:54:18,635 - Knowledge - INFO - worker kw9 pull /app/data/b2c/151988/b72614r/react-note-app-151988/src/index.tsx from ingest queue
2025-08-08 08:54:18,635 - Knowledge - INFO - worker kw2 pull /app/data/b2c/151988/b72614r/react-note-app-151988/src/context/AuthContext.tsx from ingest queue
2025-08-08 08:54:18,636 - Knowledge - INFO - Found code-base-name: https://github.com/kavia-common/react-note-app-151988.git:kavia-master
2025-08-08 08:54:18,690 - Knowledge - INFO - worker kw10 pull /app/data/b2c/151988/b72614r/react-note-app-151988/src/context/AppContext.tsx from ingest queue
2025-08-08 08:54:18,690 - Knowledge - INFO - worker kw3 pull /app/data/b2c/151988/b72614r/react-note-app-151988/src/types/index.ts from ingest queue
2025-08-08 08:54:18,690 - Knowledge - INFO - adding /app/data/b2c/151988/b72614r/react-note-app-151988/src/components/Auth/Login.tsx to ingest queue
2025-08-08 08:54:18,809 - Knowledge - INFO - knowledge worker kw12 start
2025-08-08 08:54:18,811 - Knowledge - INFO - worker kw13 created with dedicated MongoDB connection (total: 13)
2025-08-08 08:54:18,971 - Knowledge - INFO - process ingested knowledge for /app/data/b2c/151988/b72614r/react-note-app-151988/src/App.tsx
2025-08-08 08:54:19,031 - Knowledge - INFO - Found code_base: <app.utils.kg_build.knowledge.KnowledgeCodeBase object at 0x7ff500468990>
2025-08-08 08:54:19,167 - Knowledge - INFO - process ingested knowledge for /app/data/b2c/151988/b72614r/react-note-app-151988/src/index.tsx
2025-08-08 08:54:19,262 - Knowledge - INFO - process ingested knowledge for /app/data/b2c/151988/b72614r/react-note-app-151988/src/context/AuthContext.tsx
2025-08-08 08:54:19,299 - Knowledge - INFO - Found code_base: <app.utils.kg_build.knowledge.KnowledgeCodeBase object at 0x7ff500468990>
2025-08-08 08:54:19,436 - Knowledge - INFO - process ingested knowledge for /app/data/b2c/151988/b72614r/react-note-app-151988/src/context/AppContext.tsx
2025-08-08 08:54:19,524 - Knowledge - INFO - process ingested knowledge for /app/data/b2c/151988/b72614r/react-note-app-151988/src/types/index.ts
2025-08-08 08:54:19,595 - Knowledge - INFO - worker kw11 pull /app/data/b2c/151988/b72614r/react-note-app-151988/src/reducers/asyncReducer.ts from ingest queue
2025-08-08 08:54:19,596 - Knowledge - INFO - adding /app/data/b2c/151988/b72614r/react-note-app-151988/src/components/AppFooter.tsx to ingest queue
2025-08-08 08:54:19,802 - Knowledge - INFO - knowledge worker kw13 start
2025-08-08 08:54:19,805 - Knowledge - INFO - worker kw14 created with dedicated MongoDB connection (total: 14)
2025-08-08 08:54:19,972 - Knowledge - INFO - persist ingested knowledge for /app/data/b2c/151988/b72614r/react-note-app-151988/src/components/Routes.tsx
2025-08-08 08:54:20,257 - Knowledge - INFO - persist ingested knowledge for /app/data/b2c/151988/b72614r/react-note-app-151988/src/components/AppHeader.tsx
2025-08-08 08:54:20,561 - Knowledge - INFO - process ingested knowledge for /app/data/b2c/151988/b72614r/react-note-app-151988/src/reducers/asyncReducer.ts
2025-08-08 08:54:20,655 - Knowledge - INFO - worker kw4 pull /app/data/b2c/151988/b72614r/react-note-app-151988/src/mocks/index.ts from ingest queue
2025-08-08 08:54:20,655 - Knowledge - INFO - worker kw12 pull /app/data/b2c/151988/b72614r/react-note-app-151988/src/tailwind.css from ingest queue
2025-08-08 08:54:20,655 - Knowledge - INFO - Found code-base-name: https://github.com/kavia-common/react-note-app-151988.git:kavia-master
2025-08-08 08:54:20,655 - Knowledge - INFO - Found code-base-name: https://github.com/kavia-common/react-note-app-151988.git:kavia-master
2025-08-08 08:54:21,419 - Knowledge - INFO - Found code_base: <app.utils.kg_build.knowledge.KnowledgeCodeBase object at 0x7ff500468990>
2025-08-08 08:54:20,656 - Knowledge - INFO - Found code-base-name: https://github.com/kavia-common/react-note-app-151988.git:kavia-master
2025-08-08 08:54:20,656 - Knowledge - INFO - worker kw5 pull /app/data/b2c/151988/b72614r/react-note-app-151988/src/__tests__/components/AppHeader.test.tsx from ingest queue
2025-08-08 08:54:20,656 - Knowledge - INFO - Found code-base-name: https://github.com/kavia-common/react-note-app-151988.git:kavia-master
2025-08-08 08:54:20,656 - Knowledge - INFO - adding /app/data/b2c/151988/b72614r/react-note-app-151988/src/components/Home.tsx to ingest queue
2025-08-08 08:54:20,790 - Knowledge - INFO - knowledge worker kw14 start
2025-08-08 08:54:20,792 - Knowledge - INFO - worker kw15 created with dedicated MongoDB connection (total: 15)
2025-08-08 08:54:21,184 - Knowledge - INFO - process ingested knowledge for /app/data/b2c/151988/b72614r/react-note-app-151988/src/mocks/index.ts
2025-08-08 08:54:21,293 - Knowledge - INFO - process ingested knowledge for /app/data/b2c/151988/b72614r/react-note-app-151988/src/tailwind.css
2025-08-08 08:54:21,347 - Knowledge - INFO - Found code_base: <app.utils.kg_build.knowledge.KnowledgeCodeBase object at 0x7ff500468990>
2025-08-08 08:54:20,656 - Knowledge - INFO - Found code-base-name: https://github.com/kavia-common/react-note-app-151988.git:kavia-master
2025-08-08 08:54:21,529 - Knowledge - INFO - persist ingested knowledge for /app/data/b2c/151988/b72614r/react-note-app-151988/src/context/AuthContext.tsx
2025-08-08 08:54:21,601 - Knowledge - INFO - Found code_base: <app.utils.kg_build.knowledge.KnowledgeCodeBase object at 0x7ff500468990>
2025-08-08 08:54:21,754 - Knowledge - INFO - process ingested knowledge for /app/data/b2c/151988/b72614r/react-note-app-151988/src/__tests__/components/AppHeader.test.tsx
2025-08-08 08:54:21,805 - Knowledge - INFO - Found code_base: <app.utils.kg_build.knowledge.KnowledgeCodeBase object at 0x7ff500468990>
2025-08-08 08:54:21,890 - Knowledge - INFO - worker kw13 pull /app/data/b2c/151988/b72614r/react-note-app-151988/src/__tests__/components/AppFooter.test.tsx from ingest queue
2025-08-08 08:54:21,998 - Knowledge - INFO - Found code-base-name: https://github.com/kavia-common/react-note-app-151988.git:kavia-master
2025-08-08 08:54:21,998 - Knowledge - INFO - worker kw1 pull /app/data/b2c/151988/b72614r/react-note-app-151988/src/__tests__/context/AuthContext.test.tsx from ingest queue
2025-08-08 08:54:21,998 - Knowledge - INFO - adding /app/data/b2c/151988/b72614r/react-note-app-151988/src/components/Routes.tsx to ingest queue
2025-08-08 08:54:22,066 - Knowledge - INFO - knowledge worker kw15 start
2025-08-08 08:54:22,068 - Knowledge - INFO - worker kw16 created with dedicated MongoDB connection (total: 16)
2025-08-08 08:54:22,307 - Knowledge - INFO - persist ingested knowledge for /app/data/b2c/151988/b72614r/react-note-app-151988/src/index.tsx
2025-08-08 08:54:22,400 - Knowledge - INFO - Found code_base: <app.utils.kg_build.knowledge.KnowledgeCodeBase object at 0x7ff500468990>
2025-08-08 08:54:22,585 - Knowledge - INFO - persist ingested knowledge for /app/data/b2c/151988/b72614r/react-note-app-151988/src/types/index.ts
2025-08-08 08:54:22,774 - Knowledge - INFO - persist ingested knowledge for /app/data/b2c/151988/b72614r/react-note-app-151988/src/App.tsx
2025-08-08 08:54:22,909 - Knowledge - INFO - process ingested knowledge for /app/data/b2c/151988/b72614r/react-note-app-151988/src/__tests__/components/AppFooter.test.tsx
2025-08-08 08:54:22,968 - Knowledge - INFO - Found code_base: <app.utils.kg_build.knowledge.KnowledgeCodeBase object at 0x7ff500468990>
2025-08-08 08:54:23,116 - Knowledge - INFO - process ingested knowledge for /app/data/b2c/151988/b72614r/react-note-app-151988/src/__tests__/context/AuthContext.test.tsx
2025-08-08 08:54:23,167 - Knowledge - INFO - adding /app/data/b2c/151988/b72614r/react-note-app-151988/src/components/AppHeader.tsx to ingest queue
2025-08-08 08:54:23,356 - Knowledge - INFO - knowledge worker kw16 start
2025-08-08 08:54:23,358 - Knowledge - INFO - worker kw17 created with dedicated MongoDB connection (total: 17)
2025-08-08 08:54:23,550 - Knowledge - INFO - persist ingested knowledge for /app/data/b2c/151988/b72614r/react-note-app-151988/src/context/AppContext.tsx
2025-08-08 08:54:23,951 - Knowledge - INFO - persist ingested knowledge for /app/data/b2c/151988/b72614r/react-note-app-151988/src/reducers/asyncReducer.ts
2025-08-08 08:54:24,129 - Knowledge - INFO - worker kw14 pull /app/data/b2c/151988/b72614r/react-note-app-151988/package.json from ingest queue
2025-08-08 08:54:24,129 - Knowledge - INFO - Found code-base-name: https://github.com/kavia-common/react-note-app-151988.git:kavia-master
2025-08-08 08:54:24,130 - Knowledge - INFO - Found code-base-name: https://github.com/kavia-common/react-note-app-151988.git:kavia-master
2025-08-08 08:54:24,186 - Knowledge - INFO - Found code-base-name: https://github.com/kavia-common/react-note-app-151988.git:kavia-master
2025-08-08 08:54:24,186 - Knowledge - INFO - worker kw7 pull /app/data/b2c/151988/b72614r/react-note-app-151988/tslint.json from ingest queue
2025-08-08 08:54:24,304 - Knowledge - INFO - knowledge worker kw17 start
2025-08-08 08:54:24,306 - Knowledge - INFO - worker kw18 created with dedicated MongoDB connection (total: 18)
2025-08-08 08:54:24,341 - Knowledge - INFO - Found code-base-name: https://github.com/kavia-common/react-note-app-151988.git:kavia-master
2025-08-08 08:54:24,342 - Knowledge - INFO - Found code-base-name: https://github.com/kavia-common/react-note-app-151988.git:kavia-master
2025-08-08 08:54:24,342 - Knowledge - INFO - worker kw6 pull /app/data/b2c/151988/b72614r/react-note-app-151988/tsconfig.json from ingest queue
2025-08-08 08:54:24,342 - Knowledge - INFO - adding /app/data/b2c/151988/b72614r/react-note-app-151988/src/context/AuthContext.tsx to ingest queue
2025-08-08 08:54:24,594 - Knowledge - INFO - process ingested knowledge for /app/data/b2c/151988/b72614r/react-note-app-151988/package.json
2025-08-08 08:54:24,639 - Knowledge - INFO - Found code_base: <app.utils.kg_build.knowledge.KnowledgeCodeBase object at 0x7ff500468990>
2025-08-08 08:54:24,720 - Knowledge - INFO - Found code_base: <app.utils.kg_build.knowledge.KnowledgeCodeBase object at 0x7ff500468990>
2025-08-08 08:54:24,823 - Knowledge - INFO - Found code_base: <app.utils.kg_build.knowledge.KnowledgeCodeBase object at 0x7ff500468990>
2025-08-08 08:54:24,921 - Knowledge - INFO - process ingested knowledge for /app/data/b2c/151988/b72614r/react-note-app-151988/tslint.json
2025-08-08 08:54:25,082 - Knowledge - INFO - knowledge worker kw18 start
2025-08-08 08:54:25,084 - Knowledge - INFO - worker kw19 created with dedicated MongoDB connection (total: 19)
2025-08-08 08:54:25,194 - Knowledge - INFO - Found code_base: <app.utils.kg_build.knowledge.KnowledgeCodeBase object at 0x7ff500468990>
2025-08-08 08:54:25,284 - Knowledge - INFO - Found code_base: <app.utils.kg_build.knowledge.KnowledgeCodeBase object at 0x7ff500468990>
2025-08-08 08:54:25,438 - Knowledge - INFO - process ingested knowledge for /app/data/b2c/151988/b72614r/react-note-app-151988/tsconfig.json
2025-08-08 08:54:25,474 - Knowledge - INFO - worker kw16 pull /app/data/b2c/151988/b72614r/react-note-app-151988/README.md from ingest queue
2025-08-08 08:54:25,474 - Knowledge - INFO - adding /app/data/b2c/151988/b72614r/react-note-app-151988/src/index.tsx to ingest queue
2025-08-08 08:54:25,708 - Knowledge - INFO - persist ingested knowledge for /app/data/b2c/151988/b72614r/react-note-app-151988/src/mocks/index.ts
2025-08-08 08:54:25,806 - Knowledge - INFO - persist ingested knowledge for /app/data/b2c/151988/b72614r/react-note-app-151988/src/tailwind.css
2025-08-08 08:54:25,889 - Knowledge - INFO - persist ingested knowledge for /app/data/b2c/151988/b72614r/react-note-app-151988/src/__tests__/components/AppHeader.test.tsx
2025-08-08 08:54:26,183 - Knowledge - INFO - knowledge worker kw19 start
2025-08-08 08:54:26,184 - Knowledge - INFO - worker kw20 created with dedicated MongoDB connection (total: 20)
2025-08-08 08:54:26,276 - Knowledge - INFO - persist ingested knowledge for /app/data/b2c/151988/b72614r/react-note-app-151988/src/__tests__/components/AppFooter.test.tsx
2025-08-08 08:54:26,389 - Knowledge - INFO - persist ingested knowledge for /app/data/b2c/151988/b72614r/react-note-app-151988/src/__tests__/context/AuthContext.test.tsx
2025-08-08 08:54:26,606 - Knowledge - INFO - process ingested knowledge for /app/data/b2c/151988/b72614r/react-note-app-151988/README.md
2025-08-08 08:54:26,669 - Knowledge - INFO - adding /app/data/b2c/151988/b72614r/react-note-app-151988/src/types/index.ts to ingest queue
2025-08-08 08:54:27,219 - Knowledge - INFO - knowledge worker kw20 start
2025-08-08 08:54:27,221 - Knowledge - WARNING - High connection count: 21 connections active
2025-08-08 08:54:27,581 - Knowledge - INFO - adding /app/data/b2c/151988/b72614r/react-note-app-151988/src/App.tsx to ingest queue
2025-08-08 08:54:27,796 - Knowledge - INFO - worker kw21 created with dedicated MongoDB connection (total: 21)
2025-08-08 08:54:27,915 - Knowledge - INFO - worker kw15 pull /app/data/b2c/151988/b72614r/react-note-app-151988/tailwind.config.js from ingest queue
2025-08-08 08:54:27,997 - Knowledge - INFO - adding /app/data/b2c/151988/b72614r/react-note-app-151988/src/context/AppContext.tsx to ingest queue
2025-08-08 08:54:28,262 - Knowledge - INFO - worker kw17 pull /app/data/b2c/151988/b72614r/react-note-app-151988/public/index.html from ingest queue
2025-08-08 08:54:28,030 - Knowledge - WARNING - High connection count: 22 connections active
2025-08-08 08:54:28,216 - Knowledge - INFO - process ingested knowledge for /app/data/b2c/151988/b72614r/react-note-app-151988/tailwind.config.js
2025-08-08 08:54:28,028 - Knowledge - INFO - knowledge worker kw21 start
2025-08-08 08:54:28,267 - Knowledge - INFO - worker kw2 pull /app/data/b2c/151988/b72614r/react-note-app-151988/public/robots.txt from ingest queue
2025-08-08 08:54:28,267 - Knowledge - INFO - Found code-base-name: https://github.com/kavia-common/react-note-app-151988.git:kavia-master
2025-08-08 08:54:28,268 - Knowledge - INFO - worker kw18 pull /app/data/b2c/151988/b72614r/react-note-app-151988/public/manifest.json from ingest queue
2025-08-08 08:54:28,268 - Knowledge - INFO - Found code-base-name: https://github.com/kavia-common/react-note-app-151988.git:kavia-master
2025-08-08 08:54:28,268 - Knowledge - INFO - worker kw9 pull /app/data/b2c/151988/b72614r/react-note-app-151988/src/serviceWorker.ts from ingest queue
2025-08-08 08:54:28,398 - Knowledge - INFO - process ingested knowledge for /app/data/b2c/151988/b72614r/react-note-app-151988/public/index.html
2025-08-08 08:54:28,399 - Knowledge - INFO - worker kw19 pull /app/data/b2c/151988/b72614r/react-note-app-151988/src/react-app-env.d.ts from ingest queue
2025-08-08 08:54:28,444 - Knowledge - INFO - worker kw22 created with dedicated MongoDB connection (total: 22)
2025-08-08 08:54:28,504 - Knowledge - INFO - Found code-base-name: https://github.com/kavia-common/react-note-app-151988.git:kavia-master
2025-08-08 08:54:28,504 - Knowledge - INFO - worker kw3 pull /app/data/b2c/151988/b72614r/react-note-app-151988/src/components/About.tsx from ingest queue
2025-08-08 08:54:28,504 - Knowledge - INFO - worker kw20 pull /app/data/b2c/151988/b72614r/react-note-app-151988/src/components/Auth/Login.tsx from ingest queue
2025-08-08 08:54:28,553 - Knowledge - INFO - worker kw10 pull /app/data/b2c/151988/b72614r/react-note-app-151988/src/components/AppFooter.tsx from ingest queue
2025-08-08 08:54:28,553 - Knowledge - INFO - Found code-base-name: https://github.com/kavia-common/react-note-app-151988.git:kavia-master
2025-08-08 08:54:28,554 - Knowledge - INFO - adding /app/data/b2c/151988/b72614r/react-note-app-151988/src/tailwind.css to ingest queue
2025-08-08 08:54:28,789 - Knowledge - INFO - process ingested knowledge for /app/data/b2c/151988/b72614r/react-note-app-151988/public/robots.txt
2025-08-08 08:54:28,850 - Knowledge - INFO - Found code_base: <app.utils.kg_build.knowledge.KnowledgeCodeBase object at 0x7ff500468990>
2025-08-08 08:54:29,046 - Knowledge - INFO - process ingested knowledge for /app/data/b2c/151988/b72614r/react-note-app-151988/public/manifest.json
2025-08-08 08:54:29,100 - Knowledge - INFO - Found code_base: <app.utils.kg_build.knowledge.KnowledgeCodeBase object at 0x7ff500468990>
2025-08-08 08:54:29,201 - Knowledge - INFO - Thread kw9 - File serviceWorker.ts - Remaining files in queue: 8
2025-08-08 08:54:29,373 - Knowledge - INFO - Thread kw19 - File react-app-env.d.ts - Remaining files in queue: 8
2025-08-08 08:54:29,473 - Knowledge - INFO - knowledge worker kw22 start
2025-08-08 08:54:29,476 - Knowledge - WARNING - High connection count: 23 connections active
2025-08-08 08:54:29,550 - Knowledge - INFO - Found code_base: <app.utils.kg_build.knowledge.KnowledgeCodeBase object at 0x7ff500468990>
2025-08-08 08:54:29,638 - Knowledge - INFO - Thread kw3 - File About.tsx - Remaining files in queue: 8
2025-08-08 08:54:29,729 - Knowledge - INFO - Thread kw20 - File Login.tsx - Remaining files in queue: 8
2025-08-08 08:54:29,807 - Knowledge - INFO - Thread kw10 - File AppFooter.tsx - Remaining files in queue: 8
2025-08-08 08:54:29,896 - Knowledge - INFO - Found code_base: <app.utils.kg_build.knowledge.KnowledgeCodeBase object at 0x7ff500468990>
2025-08-08 08:54:29,971 - Knowledge - INFO - adding /app/data/b2c/151988/b72614r/react-note-app-151988/src/__tests__/components/AppHeader.test.tsx to ingest queue
2025-08-08 08:54:30,175 - Knowledge - INFO - persist ingested knowledge for /app/data/b2c/151988/b72614r/react-note-app-151988/tslint.json
2025-08-08 08:54:30,376 - Knowledge - INFO - persist ingested knowledge for /app/data/b2c/151988/b72614r/react-note-app-151988/package.json
2025-08-08 08:54:30,465 - Knowledge - INFO - start ingest for /app/data/b2c/151988/b72614r/react-note-app-151988/src/serviceWorker.ts
2025-08-08 08:54:30,549 - Knowledge - INFO - start ingest for /app/data/b2c/151988/b72614r/react-note-app-151988/src/react-app-env.d.ts
2025-08-08 08:54:30,741 - Knowledge - INFO - worker kw23 created with dedicated MongoDB connection (total: 23)
2025-08-08 08:54:30,851 - Knowledge - INFO - persist ingested knowledge for /app/data/b2c/151988/b72614r/react-note-app-151988/README.md
2025-08-08 08:54:30,935 - Knowledge - INFO - start ingest for /app/data/b2c/151988/b72614r/react-note-app-151988/src/components/About.tsx
2025-08-08 08:54:31,042 - Knowledge - INFO - start ingest for /app/data/b2c/151988/b72614r/react-note-app-151988/src/components/Auth/Login.tsx
2025-08-08 08:54:31,128 - Knowledge - INFO - start ingest for /app/data/b2c/151988/b72614r/react-note-app-151988/src/components/AppFooter.tsx
2025-08-08 08:54:31,205 - Knowledge - INFO - persist ingested knowledge for /app/data/b2c/151988/b72614r/react-note-app-151988/tsconfig.json
2025-08-08 08:54:31,301 - Knowledge - INFO - adding /app/data/b2c/151988/b72614r/react-note-app-151988/src/__tests__/components/AppFooter.test.tsx to ingest queue
2025-08-08 08:54:31,702 - Knowledge - INFO - Fast-track processing for simple file: /app/data/b2c/151988/b72614r/react-note-app-151988/src/react-app-env.d.ts
2025-08-08 08:54:32,509 - Knowledge - INFO - done fast ingest for /app/data/b2c/151988/b72614r/react-note-app-151988/src/react-app-env.d.ts
2025-08-08 08:54:31,793 - Knowledge - WARNING - High connection count: 24 connections active
2025-08-08 08:54:31,997 - Knowledge - INFO - Fast-track processing for simple file: /app/data/b2c/151988/b72614r/react-note-app-151988/src/components/About.tsx
2025-08-08 08:54:32,975 - Knowledge - INFO - done fast ingest for /app/data/b2c/151988/b72614r/react-note-app-151988/src/components/About.tsx
2025-08-08 08:54:32,213 - Knowledge - INFO - Fast-track processing for simple file: /app/data/b2c/151988/b72614r/react-note-app-151988/src/components/AppFooter.tsx
2025-08-08 08:54:32,408 - Knowledge - INFO - adding /app/data/b2c/151988/b72614r/react-note-app-151988/src/__tests__/context/AuthContext.test.tsx to ingest queue
2025-08-08 08:54:31,792 - Knowledge - INFO - knowledge worker kw23 start
2025-08-08 08:54:32,621 - Knowledge - INFO - process ingested knowledge for /app/data/b2c/151988/b72614r/react-note-app-151988/src/react-app-env.d.ts
2025-08-08 08:54:32,707 - Knowledge - INFO - worker kw24 created with dedicated MongoDB connection (total: 24)
2025-08-08 08:54:32,113 - Knowledge - INFO - Fast-track processing for simple file: /app/data/b2c/151988/b72614r/react-note-app-151988/src/components/Auth/Login.tsx
2025-08-08 08:54:33,065 - Knowledge - INFO - process ingested knowledge for /app/data/b2c/151988/b72614r/react-note-app-151988/src/components/About.tsx
2025-08-08 08:54:33,160 - Knowledge - INFO - done fast ingest for /app/data/b2c/151988/b72614r/react-note-app-151988/src/components/AppFooter.tsx
2025-08-08 08:54:33,258 - Knowledge - INFO - worker kw8 pull /app/data/b2c/151988/b72614r/react-note-app-151988/src/components/Home.tsx from ingest queue
2025-08-08 08:54:33,320 - Knowledge - INFO - adding /app/data/b2c/151988/b72614r/react-note-app-151988/src/reducers/asyncReducer.ts to ingest queue
2025-08-08 08:54:33,549 - Knowledge - INFO - knowledge worker kw24 start
2025-08-08 08:54:33,553 - Knowledge - WARNING - High connection count: 25 connections active
2025-08-08 08:54:33,653 - Knowledge - INFO - done fast ingest for /app/data/b2c/151988/b72614r/react-note-app-151988/src/components/Auth/Login.tsx
2025-08-08 08:54:33,880 - Knowledge - INFO - process ingested knowledge for /app/data/b2c/151988/b72614r/react-note-app-151988/src/components/AppFooter.tsx
2025-08-08 08:54:33,966 - Knowledge - INFO - Thread kw8 - File Home.tsx - Remaining files in queue: 11
2025-08-08 08:54:34,066 - Knowledge - INFO - worker kw21 pull /app/data/b2c/151988/b72614r/react-note-app-151988/src/components/Routes.tsx from ingest queue
2025-08-08 08:54:34,066 - Knowledge - INFO - Found code-base-name: https://github.com/kavia-common/react-note-app-151988.git:kavia-master
2025-08-08 08:54:34,067 - Knowledge - INFO - worker kw12 pull /app/data/b2c/151988/b72614r/react-note-app-151988/src/components/AppHeader.tsx from ingest queue
2025-08-08 08:54:34,068 - Knowledge - INFO - Found code-base-name: https://github.com/kavia-common/react-note-app-151988.git:kavia-master
2025-08-08 08:54:34,068 - Knowledge - INFO - worker kw22 pull /app/data/b2c/151988/b72614r/react-note-app-151988/src/context/AuthContext.tsx from ingest queue
2025-08-08 08:54:34,234 - Knowledge - INFO - worker kw25 created with dedicated MongoDB connection (total: 25)
2025-08-08 08:54:34,309 - Knowledge - INFO - worker kw13 pull /app/data/b2c/151988/b72614r/react-note-app-151988/src/index.tsx from ingest queue
2025-08-08 08:54:34,309 - Knowledge - INFO - Found code-base-name: https://github.com/kavia-common/react-note-app-151988.git:kavia-master
2025-08-08 08:54:34,309 - Knowledge - INFO - adding /app/data/b2c/151988/b72614r/react-note-app-151988/src/mocks/index.ts to ingest queue
2025-08-08 08:54:34,356 - Knowledge - INFO - process ingested knowledge for /app/data/b2c/151988/b72614r/react-note-app-151988/src/components/Auth/Login.tsx
2025-08-08 08:54:34,507 - Knowledge - INFO - start ingest for /app/data/b2c/151988/b72614r/react-note-app-151988/src/components/Home.tsx
2025-08-08 08:54:34,603 - Knowledge - INFO - Thread kw21 - File Routes.tsx - Remaining files in queue: 8
2025-08-08 08:54:34,688 - Knowledge - INFO - Found code_base: <app.utils.kg_build.knowledge.KnowledgeCodeBase object at 0x7ff500468990>
2025-08-08 08:54:34,797 - Knowledge - INFO - Thread kw12 - File AppHeader.tsx - Remaining files in queue: 8
2025-08-08 08:54:34,906 - Knowledge - INFO - Found code_base: <app.utils.kg_build.knowledge.KnowledgeCodeBase object at 0x7ff500468990>
2025-08-08 08:54:35,028 - Knowledge - INFO - Thread kw22 - File AuthContext.tsx - Remaining files in queue: 8
2025-08-08 08:54:35,109 - Knowledge - INFO - knowledge worker kw25 start
2025-08-08 08:54:35,194 - Knowledge - INFO - Thread kw13 - File index.tsx - Remaining files in queue: 8
2025-08-08 08:54:35,309 - Knowledge - INFO - Found code_base: <app.utils.kg_build.knowledge.KnowledgeCodeBase object at 0x7ff500468990>
2025-08-08 08:54:35,412 - Knowledge - INFO - worker kw23 pull /app/data/b2c/151988/b72614r/react-note-app-151988/src/types/index.ts from ingest queue
2025-08-08 08:54:35,412 - Knowledge - INFO - Found code-base-name: https://github.com/kavia-common/react-note-app-151988.git:kavia-master
2025-08-08 08:54:35,413 - Knowledge - INFO - Found code-base-name: https://github.com/kavia-common/react-note-app-151988.git:kavia-master
2025-08-08 08:54:36,685 - Knowledge - INFO - Found code_base: <app.utils.kg_build.knowledge.KnowledgeCodeBase object at 0x7ff500468990>
2025-08-08 08:54:36,795 - Knowledge - INFO - persist ingested knowledge for /app/data/b2c/151988/b72614r/react-note-app-151988/src/components/About.tsx
2025-08-08 08:54:35,414 - Knowledge - INFO - adding /app/data/b2c/151988/b72614r/react-note-app-151988/tslint.json to ingest queue
2025-08-08 08:54:35,560 - Knowledge - INFO - Fast-track processing for simple file: /app/data/b2c/151988/b72614r/react-note-app-151988/src/components/Home.tsx
2025-08-08 08:54:35,665 - Knowledge - INFO - start ingest for /app/data/b2c/151988/b72614r/react-note-app-151988/src/components/Routes.tsx
2025-08-08 08:54:35,778 - Knowledge - INFO - persist ingested knowledge for /app/data/b2c/151988/b72614r/react-note-app-151988/public/index.html
2025-08-08 08:54:35,862 - Knowledge - INFO - start ingest for /app/data/b2c/151988/b72614r/react-note-app-151988/src/components/AppHeader.tsx
2025-08-08 08:54:35,971 - Knowledge - INFO - persist ingested knowledge for /app/data/b2c/151988/b72614r/react-note-app-151988/public/robots.txt
2025-08-08 08:54:36,080 - Knowledge - INFO - start ingest for /app/data/b2c/151988/b72614r/react-note-app-151988/src/context/AuthContext.tsx
2025-08-08 08:54:36,289 - Knowledge - INFO - start ingest for /app/data/b2c/151988/b72614r/react-note-app-151988/src/index.tsx
2025-08-08 08:54:36,382 - Knowledge - INFO - persist ingested knowledge for /app/data/b2c/151988/b72614r/react-note-app-151988/tailwind.config.js
2025-08-08 08:54:36,460 - Knowledge - INFO - Thread kw23 - File index.ts - Remaining files in queue: 7
2025-08-08 08:54:36,571 - Knowledge - INFO - Found code_base: <app.utils.kg_build.knowledge.KnowledgeCodeBase object at 0x7ff500468990>
2025-08-08 08:54:35,413 - Knowledge - INFO - worker kw11 pull /app/data/b2c/151988/b72614r/react-note-app-151988/src/App.tsx from ingest queue
2025-08-08 08:54:35,414 - Knowledge - INFO - Found code-base-name: https://github.com/kavia-common/react-note-app-151988.git:kavia-master
2025-08-08 08:54:37,040 - Knowledge - INFO - worker kw24 pull /app/data/b2c/151988/b72614r/react-note-app-151988/src/context/AppContext.tsx from ingest queue
2025-08-08 08:54:37,040 - Knowledge - INFO - adding /app/data/b2c/151988/b72614r/react-note-app-151988/package.json to ingest queue
2025-08-08 08:54:37,115 - Knowledge - INFO - done fast ingest for /app/data/b2c/151988/b72614r/react-note-app-151988/src/components/Home.tsx
2025-08-08 08:54:37,260 - Knowledge - INFO - done ingest for /app/data/b2c/151988/b72614r/react-note-app-151988/src/serviceWorker.ts
2025-08-08 08:54:37,787 - Knowledge - INFO - Fast-track processing for simple file: /app/data/b2c/151988/b72614r/react-note-app-151988/src/index.tsx
2025-08-08 08:54:38,004 - Knowledge - INFO - start ingest for /app/data/b2c/151988/b72614r/react-note-app-151988/src/types/index.ts
2025-08-08 08:54:38,119 - Knowledge - INFO - persist ingested knowledge for /app/data/b2c/151988/b72614r/react-note-app-151988/src/react-app-env.d.ts
2025-08-08 08:54:38,200 - Knowledge - INFO - Thread kw11 - File App.tsx - Remaining files in queue: 7
2025-08-08 08:54:38,281 - Knowledge - INFO - Found code_base: <app.utils.kg_build.knowledge.KnowledgeCodeBase object at 0x7ff500468990>
2025-08-08 08:54:38,382 - Knowledge - INFO - Thread kw24 - File AppContext.tsx - Remaining files in queue: 7
2025-08-08 08:54:38,488 - Knowledge - INFO - adding /app/data/b2c/151988/b72614r/react-note-app-151988/README.md to ingest queue
2025-08-08 08:54:38,622 - Knowledge - INFO - process ingested knowledge for /app/data/b2c/151988/b72614r/react-note-app-151988/src/components/Home.tsx
2025-08-08 08:54:38,704 - Knowledge - INFO - process ingested knowledge for /app/data/b2c/151988/b72614r/react-note-app-151988/src/serviceWorker.ts
2025-08-08 08:54:38,786 - Knowledge - INFO - done fast ingest for /app/data/b2c/151988/b72614r/react-note-app-151988/src/index.tsx
2025-08-08 08:54:38,886 - Knowledge - INFO - Fast-track processing for simple file: /app/data/b2c/151988/b72614r/react-note-app-151988/src/types/index.ts
2025-08-08 08:54:39,103 - Knowledge - INFO - start ingest for /app/data/b2c/151988/b72614r/react-note-app-151988/src/App.tsx
2025-08-08 08:54:39,183 - Knowledge - INFO - persist ingested knowledge for /app/data/b2c/151988/b72614r/react-note-app-151988/public/manifest.json
2025-08-08 08:54:39,273 - Knowledge - INFO - start ingest for /app/data/b2c/151988/b72614r/react-note-app-151988/src/context/AppContext.tsx
2025-08-08 08:54:39,361 - Knowledge - INFO - worker kw1 pull /app/data/b2c/151988/b72614r/react-note-app-151988/src/tailwind.css from ingest queue
2025-08-08 08:54:39,362 - Knowledge - INFO - Found code-base-name: https://github.com/kavia-common/react-note-app-151988.git:kavia-master
2025-08-08 08:54:39,362 - Knowledge - INFO - worker kw4 pull /app/data/b2c/151988/b72614r/react-note-app-151988/src/__tests__/components/AppHeader.test.tsx from ingest queue
2025-08-08 08:54:39,362 - Knowledge - INFO - worker kw5 pull /app/data/b2c/151988/b72614r/react-note-app-151988/src/__tests__/components/AppFooter.test.tsx from ingest queue
2025-08-08 08:54:39,362 - Knowledge - INFO - worker kw25 pull /app/data/b2c/151988/b72614r/react-note-app-151988/src/__tests__/context/AuthContext.test.tsx from ingest queue
2025-08-08 08:54:39,458 - Knowledge - INFO - worker kw7 pull /app/data/b2c/151988/b72614r/react-note-app-151988/src/reducers/asyncReducer.ts from ingest queue
2025-08-08 08:54:39,572 - Knowledge - INFO - worker kw14 pull /app/data/b2c/151988/b72614r/react-note-app-151988/src/mocks/index.ts from ingest queue
2025-08-08 08:54:39,658 - Knowledge - INFO - worker kw16 pull /app/data/b2c/151988/b72614r/react-note-app-151988/tslint.json from ingest queue
2025-08-08 08:54:39,658 - Knowledge - INFO - Found code-base-name: https://github.com/kavia-common/react-note-app-151988.git:kavia-master
2025-08-08 08:54:39,658 - Knowledge - INFO - worker kw3 pull /app/data/b2c/151988/b72614r/react-note-app-151988/package.json from ingest queue
2025-08-08 08:54:39,659 - Knowledge - INFO - Found code-base-name: https://github.com/kavia-common/react-note-app-151988.git:kavia-master
2025-08-08 08:54:39,659 - Knowledge - INFO - Found code-base-name: https://github.com/kavia-common/react-note-app-151988.git:kavia-master
2025-08-08 08:54:39,659 - Knowledge - INFO - adding /app/data/b2c/151988/b72614r/react-note-app-151988/tsconfig.json to ingest queue
2025-08-08 08:54:39,696 - Knowledge - INFO - process ingested knowledge for /app/data/b2c/151988/b72614r/react-note-app-151988/src/index.tsx
2025-08-08 08:54:39,760 - Knowledge - INFO - done fast ingest for /app/data/b2c/151988/b72614r/react-note-app-151988/src/types/index.ts
2025-08-08 08:54:40,057 - Knowledge - INFO - Fast-track processing for simple file: /app/data/b2c/151988/b72614r/react-note-app-151988/src/context/AppContext.tsx
2025-08-08 08:54:40,201 - Knowledge - INFO - Thread kw1 - File tailwind.css - Remaining files in queue: 1
2025-08-08 08:54:40,299 - Knowledge - INFO - Found code_base: <app.utils.kg_build.knowledge.KnowledgeCodeBase object at 0x7ff500468990>
2025-08-08 08:54:40,390 - Knowledge - INFO - Thread kw4 - File AppHeader.test.tsx - Remaining files in queue: 1
2025-08-08 08:54:40,492 - Knowledge - INFO - Thread kw5 - File AppFooter.test.tsx - Remaining files in queue: 1
2025-08-08 08:54:40,568 - Knowledge - INFO - Thread kw25 - File AuthContext.test.tsx - Remaining files in queue: 1
2025-08-08 08:54:40,681 - Knowledge - INFO - Thread kw7 - File asyncReducer.ts - Remaining files in queue: 1
2025-08-08 08:54:40,768 - Knowledge - INFO - Thread kw14 - File index.ts - Remaining files in queue: 1
2025-08-08 08:54:40,870 - Knowledge - INFO - Thread kw16 - File tslint.json - Remaining files in queue: 1
2025-08-08 08:54:40,996 - Knowledge - INFO - Found code_base: <app.utils.kg_build.knowledge.KnowledgeCodeBase object at 0x7ff500468990>
2025-08-08 08:54:41,135 - Knowledge - INFO - Thread kw3 - File package.json - Remaining files in queue: 1
2025-08-08 08:54:41,245 - Knowledge - INFO - Found code_base: <app.utils.kg_build.knowledge.KnowledgeCodeBase object at 0x7ff500468990>
2025-08-08 08:54:41,342 - Knowledge - INFO - Found code_base: <app.utils.kg_build.knowledge.KnowledgeCodeBase object at 0x7ff500468990>
2025-08-08 08:54:41,435 - Knowledge - INFO - adding /app/data/b2c/151988/b72614r/react-note-app-151988/tailwind.config.js to ingest queue
2025-08-08 08:54:41,654 - Knowledge - INFO - process ingested knowledge for /app/data/b2c/151988/b72614r/react-note-app-151988/src/types/index.ts
2025-08-08 08:54:41,738 - Knowledge - INFO - done fast ingest for /app/data/b2c/151988/b72614r/react-note-app-151988/src/context/AppContext.tsx
2025-08-08 08:54:41,863 - Knowledge - INFO - start ingest for /app/data/b2c/151988/b72614r/react-note-app-151988/src/tailwind.css
2025-08-08 08:54:41,891 - Knowledge - INFO - done ingest for /app/data/b2c/151988/b72614r/react-note-app-151988/src/components/AppHeader.tsx
2025-08-08 08:54:41,999 - Knowledge - INFO - persist ingested knowledge for /app/data/b2c/151988/b72614r/react-note-app-151988/src/components/AppFooter.tsx
2025-08-08 08:54:42,094 - Knowledge - INFO - start ingest for /app/data/b2c/151988/b72614r/react-note-app-151988/src/__tests__/components/AppHeader.test.tsx
2025-08-08 08:54:42,176 - Knowledge - INFO - start ingest for /app/data/b2c/151988/b72614r/react-note-app-151988/src/__tests__/components/AppFooter.test.tsx
2025-08-08 08:54:42,286 - Knowledge - INFO - start ingest for /app/data/b2c/151988/b72614r/react-note-app-151988/src/__tests__/context/AuthContext.test.tsx
2025-08-08 08:54:42,406 - Knowledge - INFO - start ingest for /app/data/b2c/151988/b72614r/react-note-app-151988/src/reducers/asyncReducer.ts
2025-08-08 08:54:42,522 - Knowledge - INFO - start ingest for /app/data/b2c/151988/b72614r/react-note-app-151988/src/mocks/index.ts
2025-08-08 08:54:42,610 - Knowledge - INFO - start ingest for /app/data/b2c/151988/b72614r/react-note-app-151988/tslint.json
2025-08-08 08:54:42,687 - Knowledge - INFO - persist ingested knowledge for /app/data/b2c/151988/b72614r/react-note-app-151988/src/components/Auth/Login.tsx
2025-08-08 08:54:42,778 - Knowledge - INFO - start ingest for /app/data/b2c/151988/b72614r/react-note-app-151988/package.json
2025-08-08 08:54:42,855 - Knowledge - INFO - persist ingested knowledge for /app/data/b2c/151988/b72614r/react-note-app-151988/src/components/Home.tsx
2025-08-08 08:54:42,946 - Knowledge - INFO - persist ingested knowledge for /app/data/b2c/151988/b72614r/react-note-app-151988/src/serviceWorker.ts
2025-08-08 08:54:43,052 - Knowledge - INFO - worker kw19 pull /app/data/b2c/151988/b72614r/react-note-app-151988/README.md from ingest queue
2025-08-08 08:54:43,174 - Knowledge - INFO - worker kw6 pull /app/data/b2c/151988/b72614r/react-note-app-151988/tsconfig.json from ingest queue
2025-08-08 08:54:43,174 - Knowledge - INFO - adding /app/data/b2c/151988/b72614r/react-note-app-151988/public/index.html to ingest queue
2025-08-08 08:54:43,286 - Knowledge - INFO - process ingested knowledge for /app/data/b2c/151988/b72614r/react-note-app-151988/src/context/AppContext.tsx
2025-08-08 08:54:43,394 - Knowledge - INFO - Fast-track processing for simple file: /app/data/b2c/151988/b72614r/react-note-app-151988/src/tailwind.css
2025-08-08 08:54:43,500 - Knowledge - INFO - process ingested knowledge for /app/data/b2c/151988/b72614r/react-note-app-151988/src/components/AppHeader.tsx
2025-08-08 08:54:43,741 - Knowledge - INFO - Fast-track processing for simple file: /app/data/b2c/151988/b72614r/react-note-app-151988/src/__tests__/components/AppFooter.test.tsx
2025-08-08 08:54:44,218 - Knowledge - INFO - Fast-track processing for simple file: /app/data/b2c/151988/b72614r/react-note-app-151988/tslint.json
2025-08-08 08:54:44,367 - Knowledge - INFO - Fast-track processing for simple file: /app/data/b2c/151988/b72614r/react-note-app-151988/package.json
2025-08-08 08:54:45,541 - Knowledge - INFO - done fast ingest for /app/data/b2c/151988/b72614r/react-note-app-151988/package.json
2025-08-08 08:54:44,837 - Knowledge - INFO - Thread kw6 - File tsconfig.json - Remaining files in queue: 1
2025-08-08 08:54:44,937 - Knowledge - INFO - worker kw15 pull /app/data/b2c/151988/b72614r/react-note-app-151988/tailwind.config.js from ingest queue
2025-08-08 08:54:44,938 - Knowledge - INFO - adding /app/data/b2c/151988/b72614r/react-note-app-151988/public/robots.txt to ingest queue
2025-08-08 08:54:45,129 - Knowledge - INFO - done fast ingest for /app/data/b2c/151988/b72614r/react-note-app-151988/src/tailwind.css
2025-08-08 08:54:45,188 - Knowledge - INFO - done ingest for /app/data/b2c/151988/b72614r/react-note-app-151988/src/components/Routes.tsx
2025-08-08 08:54:45,328 - Knowledge - INFO - done fast ingest for /app/data/b2c/151988/b72614r/react-note-app-151988/src/__tests__/components/AppFooter.test.tsx
2025-08-08 08:54:45,442 - Knowledge - INFO - done fast ingest for /app/data/b2c/151988/b72614r/react-note-app-151988/tslint.json
2025-08-08 08:54:44,718 - Knowledge - INFO - Thread kw19 - File README.md - Remaining files in queue: 1
2025-08-08 08:54:45,641 - Knowledge - INFO - process ingested knowledge for /app/data/b2c/151988/b72614r/react-note-app-151988/package.json
2025-08-08 08:54:45,754 - Knowledge - INFO - start ingest for /app/data/b2c/151988/b72614r/react-note-app-151988/tsconfig.json
2025-08-08 08:54:45,777 - Knowledge - INFO - done ingest for /app/data/b2c/151988/b72614r/react-note-app-151988/src/context/AuthContext.tsx
2025-08-08 08:54:45,865 - Knowledge - INFO - Thread kw15 - File tailwind.config.js - Remaining files in queue: 1
2025-08-08 08:54:45,943 - Knowledge - INFO - Found code-base-name: https://github.com/kavia-common/react-note-app-151988.git:kavia-master
2025-08-08 08:54:45,943 - Knowledge - INFO - adding /app/data/b2c/151988/b72614r/react-note-app-151988/public/manifest.json to ingest queue
2025-08-08 08:54:46,048 - Knowledge - INFO - process ingested knowledge for /app/data/b2c/151988/b72614r/react-note-app-151988/src/tailwind.css
2025-08-08 08:54:46,186 - Knowledge - INFO - process ingested knowledge for /app/data/b2c/151988/b72614r/react-note-app-151988/src/components/Routes.tsx
2025-08-08 08:54:46,267 - Knowledge - INFO - process ingested knowledge for /app/data/b2c/151988/b72614r/react-note-app-151988/src/__tests__/components/AppFooter.test.tsx
2025-08-08 08:54:46,336 - Knowledge - INFO - process ingested knowledge for /app/data/b2c/151988/b72614r/react-note-app-151988/tslint.json
2025-08-08 08:54:46,453 - Knowledge - INFO - start ingest for /app/data/b2c/151988/b72614r/react-note-app-151988/README.md
2025-08-08 08:54:46,697 - Knowledge - INFO - Fast-track processing for simple file: /app/data/b2c/151988/b72614r/react-note-app-151988/tsconfig.json
2025-08-08 08:54:46,802 - Knowledge - INFO - process ingested knowledge for /app/data/b2c/151988/b72614r/react-note-app-151988/src/context/AuthContext.tsx
2025-08-08 08:54:46,864 - Knowledge - INFO - start ingest for /app/data/b2c/151988/b72614r/react-note-app-151988/tailwind.config.js
2025-08-08 08:54:46,982 - Knowledge - INFO - Found code_base: <app.utils.kg_build.knowledge.KnowledgeCodeBase object at 0x7ff500468990>
2025-08-08 08:54:47,047 - Knowledge - INFO - done ingest for /app/data/b2c/151988/b72614r/react-note-app-151988/src/App.tsx
2025-08-08 08:54:47,526 - Knowledge - INFO - Fast-track processing for simple file: /app/data/b2c/151988/b72614r/react-note-app-151988/README.md
2025-08-08 08:54:47,679 - Knowledge - INFO - done fast ingest for /app/data/b2c/151988/b72614r/react-note-app-151988/tsconfig.json
2025-08-08 08:54:47,965 - Knowledge - INFO - persist search terms embedding for src/serviceWorker.ts
2025-08-08 08:54:47,983 - Knowledge - INFO - Fast-track processing for simple file: /app/data/b2c/151988/b72614r/react-note-app-151988/tailwind.config.js
2025-08-08 08:54:48,652 - Knowledge - INFO - done fast ingest for /app/data/b2c/151988/b72614r/react-note-app-151988/tailwind.config.js
2025-08-08 08:54:48,265 - Knowledge - INFO - process ingested knowledge for /app/data/b2c/151988/b72614r/react-note-app-151988/src/App.tsx
2025-08-08 08:54:48,290 - Knowledge - INFO - done fast ingest for /app/data/b2c/151988/b72614r/react-note-app-151988/README.md
2025-08-08 08:54:48,409 - Knowledge - INFO - process ingested knowledge for /app/data/b2c/151988/b72614r/react-note-app-151988/tsconfig.json
2025-08-08 08:54:48,551 - Knowledge - INFO - Found code-base-name: https://github.com/kavia-common/react-note-app-151988.git:kavia-master
2025-08-08 08:54:48,551 - Knowledge - INFO - worker kw17 pull /app/data/b2c/151988/b72614r/react-note-app-151988/public/index.html from ingest queue
2025-08-08 08:54:49,423 - Knowledge - INFO - Thread kw17 - File index.html - Remaining files in queue: 0
2025-08-08 08:54:48,563 - Knowledge - INFO - worker kw2 pull /app/data/b2c/151988/b72614r/react-note-app-151988/public/robots.txt from ingest queue
2025-08-08 08:54:49,726 - Knowledge - INFO - Thread kw2 - File robots.txt - Remaining files in queue: 0
2025-08-08 08:54:48,565 - Knowledge - INFO - Found code-base-name: https://github.com/kavia-common/react-note-app-151988.git:kavia-master
2025-08-08 08:54:48,566 - Knowledge - INFO - worker kw10 pull /app/data/b2c/151988/b72614r/react-note-app-151988/public/manifest.json from ingest queue
2025-08-08 08:54:50,039 - Knowledge - INFO - Thread kw10 - File manifest.json - Remaining files in queue: 0
2025-08-08 08:54:48,588 - Knowledge - INFO - Found code-base-name: https://github.com/kavia-common/react-note-app-151988.git:kavia-master
2025-08-08 08:54:48,629 - Knowledge - INFO - Found code-base-name: https://github.com/kavia-common/react-note-app-151988.git:kavia-master
2025-08-08 08:54:48,633 - Knowledge - INFO - Found code-base-name: https://github.com/kavia-common/react-note-app-151988.git:kavia-master
2025-08-08 08:54:48,062 - Knowledge - INFO - persist ingested knowledge for /app/data/b2c/151988/b72614r/react-note-app-151988/src/index.tsx
2025-08-08 08:54:48,700 - Knowledge - INFO - Found code-base-name: https://github.com/kavia-common/react-note-app-151988.git:kavia-master
2025-08-08 08:54:50,675 - Knowledge - INFO - Found code_base: <app.utils.kg_build.knowledge.KnowledgeCodeBase object at 0x7ff500468990>
2025-08-08 08:54:48,932 - Knowledge - INFO - Found code-base-name: https://github.com/kavia-common/react-note-app-151988.git:kavia-master
2025-08-08 08:54:49,006 - Knowledge - INFO - process ingested knowledge for /app/data/b2c/151988/b72614r/react-note-app-151988/README.md
2025-08-08 08:54:49,253 - Knowledge - INFO - Found code_base: <app.utils.kg_build.knowledge.KnowledgeCodeBase object at 0x7ff500468990>
2025-08-08 08:54:51,084 - Knowledge - INFO - persist ingested knowledge for /app/data/b2c/151988/b72614r/react-note-app-151988/src/types/index.ts
2025-08-08 08:54:49,327 - Knowledge - INFO - done ingest for /app/data/b2c/151988/b72614r/react-note-app-151988/src/mocks/index.ts
2025-08-08 08:54:48,562 - Knowledge - INFO - Found code-base-name: https://github.com/kavia-common/react-note-app-151988.git:kavia-master
2025-08-08 08:54:51,354 - Knowledge - INFO - Found code_base: <app.utils.kg_build.knowledge.KnowledgeCodeBase object at 0x7ff500468990>
2025-08-08 08:54:48,565 - Knowledge - INFO - Found code-base-name: https://github.com/kavia-common/react-note-app-151988.git:kavia-master
2025-08-08 08:54:49,834 - Knowledge - INFO - start ingest for /app/data/b2c/151988/b72614r/react-note-app-151988/public/robots.txt
2025-08-08 08:54:49,921 - Knowledge - INFO - Found code_base: <app.utils.kg_build.knowledge.KnowledgeCodeBase object at 0x7ff500468990>
2025-08-08 08:54:51,726 - Knowledge - INFO - persist ingested knowledge for /app/data/b2c/151988/b72614r/react-note-app-151988/src/tailwind.css
2025-08-08 08:54:50,133 - Knowledge - INFO - done ingest for /app/data/b2c/151988/b72614r/react-note-app-151988/src/reducers/asyncReducer.ts
2025-08-08 08:54:50,162 - Knowledge - INFO - start ingest for /app/data/b2c/151988/b72614r/react-note-app-151988/public/manifest.json
2025-08-08 08:54:50,242 - Knowledge - INFO - Found code_base: <app.utils.kg_build.knowledge.KnowledgeCodeBase object at 0x7ff500468990>
2025-08-08 08:54:50,298 - Knowledge - INFO - done ingest for /app/data/b2c/151988/b72614r/react-note-app-151988/src/__tests__/context/AuthContext.test.tsx
2025-08-08 08:54:50,355 - Knowledge - INFO - Found code_base: <app.utils.kg_build.knowledge.KnowledgeCodeBase object at 0x7ff500468990>
2025-08-08 08:54:50,451 - Knowledge - INFO - Found code_base: <app.utils.kg_build.knowledge.KnowledgeCodeBase object at 0x7ff500468990>
2025-08-08 08:54:48,892 - Knowledge - INFO - process ingested knowledge for /app/data/b2c/151988/b72614r/react-note-app-151988/tailwind.config.js
2025-08-08 08:54:50,686 - Knowledge - INFO - done ingest for /app/data/b2c/151988/b72614r/react-note-app-151988/src/__tests__/components/AppHeader.test.tsx
2025-08-08 08:54:50,786 - Knowledge - INFO - persist ingested knowledge for /app/data/b2c/151988/b72614r/react-note-app-151988/src/components/Routes.tsx
2025-08-08 08:54:50,881 - Knowledge - INFO - Found code_base: <app.utils.kg_build.knowledge.KnowledgeCodeBase object at 0x7ff500468990>
2025-08-08 08:54:50,986 - Knowledge - INFO - Found code-base-name: https://github.com/kavia-common/react-note-app-151988.git:kavia-master
2025-08-08 08:54:49,275 - Knowledge - INFO - Found code-base-name: https://github.com/kavia-common/react-note-app-151988.git:kavia-master
2025-08-08 08:54:51,284 - Knowledge - INFO - process ingested knowledge for /app/data/b2c/151988/b72614r/react-note-app-151988/src/mocks/index.ts
2025-08-08 08:54:49,553 - Knowledge - INFO - start ingest for /app/data/b2c/151988/b72614r/react-note-app-151988/public/index.html
2025-08-08 08:54:51,451 - Knowledge - INFO - persist ingested knowledge for /app/data/b2c/151988/b72614r/react-note-app-151988/src/components/AppHeader.tsx
2025-08-08 08:54:51,543 - Knowledge - INFO - Found code_base: <app.utils.kg_build.knowledge.KnowledgeCodeBase object at 0x7ff500468990>
2025-08-08 08:54:51,647 - Knowledge - INFO - Fast-track processing for simple file: /app/data/b2c/151988/b72614r/react-note-app-151988/public/robots.txt
2025-08-08 08:54:48,573 - Knowledge - INFO - Found code-base-name: https://github.com/kavia-common/react-note-app-151988.git:kavia-master
2025-08-08 08:54:51,958 - Knowledge - INFO - process ingested knowledge for /app/data/b2c/151988/b72614r/react-note-app-151988/src/reducers/asyncReducer.ts
2025-08-08 08:54:52,043 - Knowledge - INFO - Fast-track processing for simple file: /app/data/b2c/151988/b72614r/react-note-app-151988/public/manifest.json
2025-08-08 08:54:52,124 - Knowledge - INFO - persist ingested knowledge for /app/data/b2c/151988/b72614r/react-note-app-151988/tslint.json
2025-08-08 08:54:52,245 - Knowledge - INFO - process ingested knowledge for /app/data/b2c/151988/b72614r/react-note-app-151988/src/__tests__/context/AuthContext.test.tsx
2025-08-08 08:54:52,304 - Knowledge - INFO - persist ingested knowledge for /app/data/b2c/151988/b72614r/react-note-app-151988/src/context/AuthContext.tsx
2025-08-08 08:54:52,403 - Knowledge - INFO - persist ingested knowledge for /app/data/b2c/151988/b72614r/react-note-app-151988/src/context/AppContext.tsx
2025-08-08 08:54:52,508 - Knowledge - INFO - Found code-base-name: https://github.com/kavia-common/react-note-app-151988.git:kavia-master
2025-08-08 08:54:52,612 - Knowledge - INFO - process ingested knowledge for /app/data/b2c/151988/b72614r/react-note-app-151988/src/__tests__/components/AppHeader.test.tsx
2025-08-08 08:54:52,816 - Knowledge - INFO - persist ingested knowledge for /app/data/b2c/151988/b72614r/react-note-app-151988/src/App.tsx
2025-08-08 08:54:52,892 - Knowledge - INFO - Found code_base: <app.utils.kg_build.knowledge.KnowledgeCodeBase object at 0x7ff500468990>
2025-08-08 08:54:53,005 - Knowledge - INFO - Found code_base: <app.utils.kg_build.knowledge.KnowledgeCodeBase object at 0x7ff500468990>
2025-08-08 08:54:53,121 - Knowledge - INFO - persist search terms embedding for src/components/Routes.tsx
2025-08-08 08:54:53,417 - Knowledge - INFO - persist ingested knowledge for /app/data/b2c/151988/b72614r/react-note-app-151988/package.json
2025-08-08 08:54:53,493 - Knowledge - INFO - done fast ingest for /app/data/b2c/151988/b72614r/react-note-app-151988/public/robots.txt
2025-08-08 08:54:53,614 - Knowledge - INFO - Found code_base: <app.utils.kg_build.knowledge.KnowledgeCodeBase object at 0x7ff500468990>
2025-08-08 08:54:53,797 - Knowledge - INFO - done fast ingest for /app/data/b2c/151988/b72614r/react-note-app-151988/public/manifest.json
2025-08-08 08:54:54,268 - Knowledge - INFO - Found code_base: <app.utils.kg_build.knowledge.KnowledgeCodeBase object at 0x7ff500468990>
2025-08-08 08:54:54,548 - Knowledge - INFO - persist ingested knowledge for /app/data/b2c/151988/b72614r/react-note-app-151988/README.md
2025-08-08 08:54:54,637 - Knowledge - INFO - persist ingested knowledge for /app/data/b2c/151988/b72614r/react-note-app-151988/tsconfig.json
2025-08-08 08:54:54,713 - Knowledge - INFO - Found code-base-name: https://github.com/kavia-common/react-note-app-151988.git:kavia-master
2025-08-08 08:54:55,386 - Knowledge - INFO - Found code_base: <app.utils.kg_build.knowledge.KnowledgeCodeBase object at 0x7ff500468990>
2025-08-08 08:54:54,954 - Knowledge - INFO - persist ingested knowledge for /app/data/b2c/151988/b72614r/react-note-app-151988/src/__tests__/components/AppFooter.test.tsx
2025-08-08 08:54:55,052 - Knowledge - INFO - process ingested knowledge for /app/data/b2c/151988/b72614r/react-note-app-151988/public/manifest.json
2025-08-08 08:54:55,098 - Knowledge - INFO - persist search terms embedding for src/components/AppHeader.tsx
2025-08-08 08:54:55,134 - Knowledge - INFO - persist ingested knowledge for /app/data/b2c/151988/b72614r/react-note-app-151988/tailwind.config.js
2025-08-08 08:54:54,869 - Knowledge - INFO - process ingested knowledge for /app/data/b2c/151988/b72614r/react-note-app-151988/public/robots.txt
2025-08-08 08:54:55,489 - Knowledge - INFO - persist ingested knowledge for /app/data/b2c/151988/b72614r/react-note-app-151988/src/mocks/index.ts
2025-08-08 08:54:55,762 - Knowledge - INFO - Found code-base-name: https://github.com/kavia-common/react-note-app-151988.git:kavia-master
2025-08-08 08:54:56,199 - Knowledge - INFO - Found code_base: <app.utils.kg_build.knowledge.KnowledgeCodeBase object at 0x7ff500468990>
2025-08-08 08:54:55,917 - Knowledge - INFO - done ingest for /app/data/b2c/151988/b72614r/react-note-app-151988/public/index.html
2025-08-08 08:54:55,867 - Knowledge - INFO - Found code-base-name: https://github.com/kavia-common/react-note-app-151988.git:kavia-master
2025-08-08 08:54:56,482 - Knowledge - INFO - Found code_base: <app.utils.kg_build.knowledge.KnowledgeCodeBase object at 0x7ff500468990>
2025-08-08 08:54:56,292 - Knowledge - INFO - persist ingested knowledge for /app/data/b2c/151988/b72614r/react-note-app-151988/src/reducers/asyncReducer.ts
2025-08-08 08:54:56,368 - Knowledge - INFO - process ingested knowledge for /app/data/b2c/151988/b72614r/react-note-app-151988/public/index.html
2025-08-08 08:54:56,221 - Knowledge - INFO - persist search terms embedding for src/context/AuthContext.tsx
2025-08-08 08:54:56,603 - Knowledge - INFO - persist ingested knowledge for /app/data/b2c/151988/b72614r/react-note-app-151988/src/__tests__/context/AuthContext.test.tsx
2025-08-08 08:54:57,139 - Knowledge - INFO - Found code-base-name: https://github.com/kavia-common/react-note-app-151988.git:kavia-master
2025-08-08 08:54:57,224 - Knowledge - INFO - Found code_base: <app.utils.kg_build.knowledge.KnowledgeCodeBase object at 0x7ff500468990>
2025-08-08 08:54:57,141 - Knowledge - INFO - Found code-base-name: https://github.com/kavia-common/react-note-app-151988.git:kavia-master
2025-08-08 08:54:57,302 - Knowledge - INFO - persist ingested knowledge for /app/data/b2c/151988/b72614r/react-note-app-151988/public/manifest.json
2025-08-08 08:54:57,394 - Knowledge - INFO - Found code_base: <app.utils.kg_build.knowledge.KnowledgeCodeBase object at 0x7ff500468990>
2025-08-08 08:54:57,539 - Knowledge - INFO - persist search terms embedding for src/reducers/asyncReducer.ts
2025-08-08 08:54:57,592 - Knowledge - INFO - persist ingested knowledge for /app/data/b2c/151988/b72614r/react-note-app-151988/public/robots.txt
2025-08-08 08:54:57,683 - Knowledge - INFO - Found code-base-name: https://github.com/kavia-common/react-note-app-151988.git:kavia-master
2025-08-08 08:54:57,929 - Knowledge - INFO - Found code_base: <app.utils.kg_build.knowledge.KnowledgeCodeBase object at 0x7ff500468990>
2025-08-08 08:54:57,974 - Knowledge - INFO - persist search terms embedding for src/__tests__/context/AuthContext.test.tsx
2025-08-08 08:54:58,044 - Knowledge - INFO - persist ingested knowledge for /app/data/b2c/151988/b72614r/react-note-app-151988/public/index.html
2025-08-08 08:54:58,600 - Knowledge - INFO - persist search terms embedding for src/App.tsx
2025-08-08 08:54:59,106 - Knowledge - INFO - persist search terms embedding for src/mocks/index.ts
2025-08-08 08:54:59,440 - Knowledge - INFO - Found code-base-name: https://github.com/kavia-common/react-note-app-151988.git:kavia-master
2025-08-08 08:54:59,544 - Knowledge - INFO - Found code_base: <app.utils.kg_build.knowledge.KnowledgeCodeBase object at 0x7ff500468990>
2025-08-08 08:54:59,636 - Knowledge - INFO - persist ingested knowledge for /app/data/b2c/151988/b72614r/react-note-app-151988/src/__tests__/components/AppHeader.test.tsx
2025-08-08 08:55:00,110 - Knowledge - INFO - persist search terms embedding for src/__tests__/components/AppHeader.test.tsx
2025-08-08 08:55:00,237 - Knowledge - INFO - Knowledge creation complete
2025-08-08 08:55:00,352 - Knowledge - INFO - Updating org costs, total cost: 0.0024294
2025-08-08 08:55:00,873 - Knowledge - INFO - Saving knowledge to Redis...
2025-08-08 08:55:00,993 - Knowledge - INFO - Knowledge saved to Redis successfully
